QAflisp - FLISP Absolute crossassembler, Version 1.2
(c) GMV 1989-2022


File: RunDiodeDelay.lst
FB                      1. LED:	EQU	$FB
---- File: "RunDiodeDelay.sflisp"
20                      2. 	ORG	$20
                        3. 
20 92 20                4. START:	LDSP	#$20
22 34 26                5. 	JSR	MAIN
24 33 20                6. 	JMP	START
                        7. 
26 01 FE                8. MAIN:	ANDCC	#%11111110
28 F0 01                9. 	LDA	#1
2A E1 FB               10. MAIN_1:	STA	LED
2C 0D                  11. 	ROLA
2D 34 31               12. 	JSR	DELAY
2F 33 2A               13. 	JMP	MAIN_1
                       14. 
31 10                  15. DELAY:	PSHA
32 13                  16. 	PSHC
33 F0 0A               17. 	LDA	#10
35 08                  18. DELAY_1 DECA
36 25 FD               19. 	BNE DELAY_1
38 17                  20. 	PULC
39 14                  21. 	PULA
3A 43                  22. 	RTS
                       23. 
FF                     24. 	ORG	$FF
FF 20                  25. 	FCB	START